// Jest Snapshot v1, https://goo.gl/fbAQLP

exports[`buildProductsQuery builds a query for searching products 1`] = `
Object {
  "definitions": Array [
    Object {
      "directives": Array [],
      "kind": "OperationDefinition",
      "name": Object {
        "kind": "Name",
        "value": "ProductsQuery",
      },
      "operation": "query",
      "selectionSet": Object {
        "kind": "SelectionSet",
        "selections": Array [
          Object {
            "alias": undefined,
            "arguments": Array [
              Object {
                "kind": "Argument",
                "name": Object {
                  "kind": "Name",
                  "value": "offset",
                },
                "value": Object {
                  "kind": "IntValue",
                  "value": "5",
                },
              },
              Object {
                "kind": "Argument",
                "name": Object {
                  "kind": "Name",
                  "value": "limit",
                },
                "value": Object {
                  "kind": "IntValue",
                  "value": "5",
                },
              },
              Object {
                "kind": "Argument",
                "name": Object {
                  "kind": "Name",
                  "value": "where",
                },
                "value": Object {
                  "block": false,
                  "kind": "StringValue",
                  "value": "foobar",
                },
              },
            ],
            "directives": Array [],
            "kind": "Field",
            "name": Object {
              "kind": "Name",
              "value": "products",
            },
            "selectionSet": Object {
              "kind": "SelectionSet",
              "selections": Array [
                Object {
                  "alias": undefined,
                  "arguments": Array [],
                  "directives": Array [],
                  "kind": "Field",
                  "name": Object {
                    "kind": "Name",
                    "value": "total",
                  },
                  "selectionSet": undefined,
                },
                Object {
                  "alias": undefined,
                  "arguments": Array [],
                  "directives": Array [],
                  "kind": "Field",
                  "name": Object {
                    "kind": "Name",
                    "value": "results",
                  },
                  "selectionSet": Object {
                    "kind": "SelectionSet",
                    "selections": Array [
                      Object {
                        "alias": undefined,
                        "arguments": Array [],
                        "directives": Array [],
                        "kind": "Field",
                        "name": Object {
                          "kind": "Name",
                          "value": "id",
                        },
                        "selectionSet": undefined,
                      },
                      Object {
                        "alias": undefined,
                        "arguments": Array [],
                        "directives": Array [],
                        "kind": "Field",
                        "name": Object {
                          "kind": "Name",
                          "value": "createdAt",
                        },
                        "selectionSet": undefined,
                      },
                      Object {
                        "alias": undefined,
                        "arguments": Array [],
                        "directives": Array [],
                        "kind": "Field",
                        "name": Object {
                          "kind": "Name",
                          "value": "productType",
                        },
                        "selectionSet": Object {
                          "kind": "SelectionSet",
                          "selections": Array [
                            Object {
                              "alias": undefined,
                              "arguments": Array [],
                              "directives": Array [],
                              "kind": "Field",
                              "name": Object {
                                "kind": "Name",
                                "value": "name",
                              },
                              "selectionSet": undefined,
                            },
                          ],
                        },
                      },
                      Object {
                        "alias": undefined,
                        "arguments": Array [],
                        "directives": Array [],
                        "kind": "Field",
                        "name": Object {
                          "kind": "Name",
                          "value": "masterData",
                        },
                        "selectionSet": Object {
                          "kind": "SelectionSet",
                          "selections": Array [
                            Object {
                              "alias": undefined,
                              "arguments": Array [],
                              "directives": Array [],
                              "kind": "Field",
                              "name": Object {
                                "kind": "Name",
                                "value": "published",
                              },
                              "selectionSet": undefined,
                            },
                            Object {
                              "alias": undefined,
                              "arguments": Array [],
                              "directives": Array [],
                              "kind": "Field",
                              "name": Object {
                                "kind": "Name",
                                "value": "current",
                              },
                              "selectionSet": Object {
                                "kind": "SelectionSet",
                                "selections": Array [
                                  Object {
                                    "alias": undefined,
                                    "arguments": Array [
                                      Object {
                                        "kind": "Argument",
                                        "name": Object {
                                          "kind": "Name",
                                          "value": "locale",
                                        },
                                        "value": Object {
                                          "block": false,
                                          "kind": "StringValue",
                                          "value": "en",
                                        },
                                      },
                                    ],
                                    "directives": Array [],
                                    "kind": "Field",
                                    "name": Object {
                                      "kind": "Name",
                                      "value": "name",
                                    },
                                    "selectionSet": undefined,
                                  },
                                  Object {
                                    "alias": undefined,
                                    "arguments": Array [
                                      Object {
                                        "kind": "Argument",
                                        "name": Object {
                                          "kind": "Name",
                                          "value": "locale",
                                        },
                                        "value": Object {
                                          "block": false,
                                          "kind": "StringValue",
                                          "value": "en",
                                        },
                                      },
                                    ],
                                    "directives": Array [],
                                    "kind": "Field",
                                    "name": Object {
                                      "kind": "Name",
                                      "value": "description",
                                    },
                                    "selectionSet": undefined,
                                  },
                                  Object {
                                    "alias": undefined,
                                    "arguments": Array [],
                                    "directives": Array [],
                                    "kind": "Field",
                                    "name": Object {
                                      "kind": "Name",
                                      "value": "categories",
                                    },
                                    "selectionSet": Object {
                                      "kind": "SelectionSet",
                                      "selections": Array [
                                        Object {
                                          "alias": undefined,
                                          "arguments": Array [
                                            Object {
                                              "kind": "Argument",
                                              "name": Object {
                                                "kind": "Name",
                                                "value": "locale",
                                              },
                                              "value": Object {
                                                "block": false,
                                                "kind": "StringValue",
                                                "value": "en",
                                              },
                                            },
                                          ],
                                          "directives": Array [],
                                          "kind": "Field",
                                          "name": Object {
                                            "kind": "Name",
                                            "value": "name",
                                          },
                                          "selectionSet": undefined,
                                        },
                                      ],
                                    },
                                  },
                                ],
                              },
                            },
                          ],
                        },
                      },
                    ],
                  },
                },
              ],
            },
          },
        ],
      },
      "variableDefinitions": Array [],
    },
  ],
  "kind": "Document",
  "loc": Object {
    "end": 424,
    "start": 0,
  },
}
`;
